Mplus VERSION 8.6
MUTHEN & MUTHEN
11/18/2021   5:55 PM

INPUT INSTRUCTIONS

  data: file is irt.csv;
  variable: names are x1-x10;
  categorical = x1-x10;

  analysis: estimator = ml;

  model:

  F by x1-x10;

  [x1$1@0];
  [F*];



INPUT READING TERMINATED NORMALLY




SUMMARY OF ANALYSIS

Number of groups                                                 1
Number of observations                                         500

Number of dependent variables                                   10
Number of independent variables                                  0
Number of continuous latent variables                            1

Observed dependent variables

  Binary and ordered categorical (ordinal)
   X1          X2          X3          X4          X5          X6
   X7          X8          X9          X10

Continuous latent variables
   F


Estimator                                                       ML
Information matrix                                        OBSERVED
Optimization Specifications for the Quasi-Newton Algorithm for
Continuous Outcomes
  Maximum number of iterations                                 100
  Convergence criterion                                  0.100D-05
Optimization Specifications for the EM Algorithm
  Maximum number of iterations                                 500
  Convergence criteria
    Loglikelihood change                                 0.100D-02
    Relative loglikelihood change                        0.100D-05
    Derivative                                           0.100D-02
Optimization Specifications for the M step of the EM Algorithm for
Categorical Latent variables
  Number of M step iterations                                    1
  M step convergence criterion                           0.100D-02
  Basis for M step termination                           ITERATION
Optimization Specifications for the M step of the EM Algorithm for
Censored, Binary or Ordered Categorical (Ordinal), Unordered
Categorical (Nominal) and Count Outcomes
  Number of M step iterations                                    1
  M step convergence criterion                           0.100D-02
  Basis for M step termination                           ITERATION
  Maximum value for logit thresholds                            15
  Minimum value for logit thresholds                           -15
  Minimum expected cell size for chi-square              0.100D-01
Optimization algorithm                                         EMA
Integration Specifications
  Type                                                    STANDARD
  Number of integration points                                  15
  Dimensions of numerical integration                            1
  Adaptive quadrature                                           ON
Link                                                         LOGIT
Cholesky                                                        ON

Input data file(s)
  irt.csv
Input data format  FREE


UNIVARIATE PROPORTIONS AND COUNTS FOR CATEGORICAL VARIABLES

    X1
      Category 1    0.630          315.000
      Category 2    0.370          185.000
    X2
      Category 1    0.616          308.000
      Category 2    0.384          192.000
    X3
      Category 1    0.486          243.000
      Category 2    0.514          257.000
    X4
      Category 1    0.434          217.000
      Category 2    0.566          283.000
    X5
      Category 1    0.468          234.000
      Category 2    0.532          266.000
    X6
      Category 1    0.520          260.000
      Category 2    0.480          240.000
    X7
      Category 1    0.622          311.000
      Category 2    0.378          189.000
    X8
      Category 1    0.502          251.000
      Category 2    0.498          249.000
    X9
      Category 1    0.256          128.000
      Category 2    0.744          372.000
    X10
      Category 1    0.450          225.000
      Category 2    0.550          275.000



THE MODEL ESTIMATION TERMINATED NORMALLY



MODEL FIT INFORMATION

Number of Free Parameters                       20

Loglikelihood

          H0 Value                       -3184.955

Information Criteria

          Akaike (AIC)                    6409.910
          Bayesian (BIC)                  6494.203
          Sample-Size Adjusted BIC        6430.721
            (n* = (n + 2) / 24)

Chi-Square Test of Model Fit for the Binary and Ordered Categorical
(Ordinal) Outcomes

          Pearson Chi-Square

          Value                            946.203
          Degrees of Freedom                  1003
          P-Value                           0.8994

          Likelihood Ratio Chi-Square

          Value                            768.050
          Degrees of Freedom                  1003
          P-Value                           1.0000



MODEL RESULTS

                                                    Two-Tailed
                    Estimate       S.E.  Est./S.E.    P-Value

 F        BY
    X1                 1.000      0.000    999.000    999.000
    X2                 1.660      0.386      4.299      0.000
    X3                 0.952      0.227      4.194      0.000
    X4                 0.768      0.199      3.860      0.000
    X5                 0.441      0.155      2.853      0.004
    X6                 1.627      0.377      4.314      0.000
    X7                 1.406      0.321      4.378      0.000
    X8                 0.434      0.152      2.856      0.004
    X9                 1.373      0.335      4.099      0.000
    X10                0.952      0.231      4.126      0.000

 Means
    F                 -0.623      0.112     -5.587      0.000

 Thresholds
    X1$1               0.000      0.000    999.000    999.000
    X2$1              -0.373      0.265     -1.407      0.159
    X3$1              -0.660      0.187     -3.540      0.000
    X4$1              -0.774      0.172     -4.503      0.000
    X5$1              -0.408      0.138     -2.961      0.003
    X6$1              -0.908      0.278     -3.264      0.001
    X7$1              -0.226      0.229     -0.987      0.323
    X8$1              -0.263      0.135     -1.948      0.051
    X9$1              -2.234      0.317     -7.047      0.000
    X10$1             -0.828      0.192     -4.310      0.000

 Variances
    F                  0.828      0.285      2.908      0.004


QUALITY OF NUMERICAL RESULTS

     Condition Number for the Information Matrix              0.383E-02
       (ratio of smallest to largest eigenvalue)


RESULTS IN PROBABILITY SCALE

                    Estimate

 X1
    Category 1         0.630
    Category 2         0.370
 X2
    Category 1         0.615
    Category 2         0.385
 X3
    Category 1         0.486
    Category 2         0.514
 X4
    Category 1         0.434
    Category 2         0.566
 X5
    Category 1         0.468
    Category 2         0.532
 X6
    Category 1         0.519
    Category 2         0.481
 X7
    Category 1         0.621
    Category 2         0.379
 X8
    Category 1         0.502
    Category 2         0.498
 X9
    Category 1         0.256
    Category 2         0.744
 X10
    Category 1         0.450
    Category 2         0.550


IRT PARAMETERIZATION

                                                    Two-Tailed
                    Estimate       S.E.  Est./S.E.    P-Value

 Item Discriminations

 F        BY
    X1                 0.910      0.157      5.815      0.000
    X2                 1.511      0.236      6.398      0.000
    X3                 0.866      0.152      5.685      0.000
    X4                 0.699      0.139      5.027      0.000
    X5                 0.401      0.120      3.347      0.001
    X6                 1.481      0.228      6.507      0.000
    X7                 1.279      0.199      6.415      0.000
    X8                 0.395      0.120      3.307      0.001
    X9                 1.250      0.215      5.823      0.000
    X10                0.866      0.152      5.701      0.000

 Means
    F                  0.000      0.000      0.000      1.000

 Item Difficulties
    X1                 0.685      0.148      4.618      0.000
    X2                 0.438      0.094      4.673      0.000
    X3                -0.077      0.120     -0.643      0.520
    X4                -0.423      0.159     -2.668      0.008
    X5                -0.332      0.249     -1.332      0.183
    X6                 0.071      0.085      0.839      0.401
    X7                 0.508      0.107      4.769      0.000
    X8                 0.020      0.235      0.087      0.930
    X9                -1.103      0.157     -7.008      0.000
    X10               -0.271      0.126     -2.161      0.031

 Variances
    F                  1.000      0.000      0.000      1.000


DIAGRAM INFORMATION

  Use View Diagram under the Diagram menu in the Mplus Editor to view the diagram.
  If running Mplus from the Mplus Diagrammer, the diagram opens automatically.

  Diagram output
    c:\users\sooyong\box\git\flps\test\test_lv_model\mplus\irt_loading_fixed.dgm

     Beginning Time:  17:55:48
        Ending Time:  17:55:49
       Elapsed Time:  00:00:01



MUTHEN & MUTHEN
3463 Stoner Ave.
Los Angeles, CA  90066

Tel: (310) 391-9971
Fax: (310) 391-8971
Web: www.StatModel.com
Support: Support@StatModel.com

Copyright (c) 1998-2021 Muthen & Muthen
